[2026-05-11 12:13:16] Weekly Retrain — 2 FAILED (10 ok, 2 failed)
    OK   Test suite (pytest)
    OK   Flashscore history refresh (current + previous season)
    OK   FHG history refresh (API-Football)
    OK   Team ratings retrain (DC pkl)
    FAIL  FHG calibration retrain
    FAIL  FHG league bias retrain
    OK   Goals Totals retrain
    OK   Corners U12.5 retrain
    OK   WTA Tennis Abstract history refresh
    OK   WTA retrain (Elo + calibration + tiebreak)
    OK   DC backtest
    OK   DC calibration retrain

[2026-05-11 16:14:48] Weekly Retrain — 2 FAILED (7 ok, 2 failed)
    OK   Test suite (pytest)
    OK   Team ratings retrain (DC pkl)
    FAIL  FHG calibration retrain
    FAIL  FHG league bias retrain
    OK   Goals Totals retrain
    OK   Corners U12.5 retrain
    OK   WTA retrain (Elo + calibration + tiebreak)
    OK   DC backtest
    OK   DC calibration retrain

